[C:/Users/86176/Desktop/新建文件夹/AA/lol.qq.com/act/a20200922competition/index.html]
[C:/Users/86176/Desktop/新建文件夹/AA/backblue.gif]
[C:/Users/86176/Desktop/新建文件夹/AA/fade.gif]
[C:/Users/86176/Desktop/新建文件夹/AA/index.html]
[C:/Users/86176/Desktop/新建文件夹/AA/lol.qq.com/v3/css/topfoot.css]
[C:/Users/86176/Desktop/新建文件夹/AA/game.gtimg.cn/images/lol/act/a20200922competition/bg.jpg]
[C:/Users/86176/Desktop/新建文件夹/AA/game.gtimg.cn/images/lol/act/a20200922competition/logo.png]
[C:/Users/86176/Desktop/新建文件夹/AA/game.gtimg.cn/images/lol/act/a20200922competition/btns.png]
[C:/Users/86176/Desktop/新建文件夹/AA/game.gtimg.cn/images/lol/v3/logo-public.png]
[C:/Users/86176/Desktop/新建文件夹/AA/game.gtimg.cn/images/lol/v2/personal/avatar/default.png]
[C:/Users/86176/Desktop/新建文件夹/AA/game.gtimg.cn/images/lol/v3/zm-qrcode.jpg]
[C:/Users/86176/Desktop/新建文件夹/AA/game.gtimg.cn/images/lol/v3/polo.gif]
[C:/Users/86176/Desktop/新建文件夹/AA/game.gtimg.cn/images/lol/space/rank/2019pre/default.png]
[C:/Users/86176/Desktop/新建文件夹/AA/ossweb-img.qq.com/images/js/jquery/jquery-1.9.0.min.js]
[C:/Users/86176/Desktop/新建文件夹/AA/ossweb-img.qq.com/images/js/milo_bundle/milo.js]
[C:/Users/86176/Desktop/新建文件夹/AA/lol.qq.com/comm-htdocs/js/game_area/lol_server_select.js]
[C:/Users/86176/Desktop/新建文件夹/AA/lol.qq.com/v3/js/LOL_Login.js]
[C:/Users/86176/Desktop/新建文件夹/AA/lol.qq.com/v3/js/TopModule.js]
[C:/Users/86176/Desktop/新建文件夹/AA/ossweb-img.qq.com/images/js/ArtTemplate.js]
[C:/Users/86176/Desktop/新建文件夹/AA/game.gtimg.cn/images/js/2018foot/foot.js]
[C:/Users/86176/Desktop/新建文件夹/AA/ossweb-img.qq.com/images/js/PTT/ping_tcss_tgideas_https_min.js]
[C:/Users/86176/Desktop/新建文件夹/AA/ossweb-img.qq.com/images/spiderMediaData/lol_new/mediaURLData_https.js]
[C:/Users/86176/Desktop/新建文件夹/AA/lol.qq.com/act/a20200922competition/index.html]
[C:/Users/86176/Desktop/新建文件夹/AA/lol.qq.com/v3/css/topfoot.css]
[C:/Users/86176/Desktop/新建文件夹/AA/ossweb-img.qq.com/images/js/jquery/jquery-1.9.0.min.js]
[C:/Users/86176/Desktop/新建文件夹/AA/ossweb-img.qq.com/images/js/milo_bundle/milo.js]
[C:/Users/86176/Desktop/新建文件夹/AA/lol.qq.com/comm-htdocs/js/game_area/lol_server_select.js]
[C:/Users/86176/Desktop/新建文件夹/AA/lol.qq.com/v3/js/LOL_Login.js]
[C:/Users/86176/Desktop/新建文件夹/AA/lol.qq.com/v3/js/TopModule.js]
[C:/Users/86176/Desktop/新建文件夹/AA/ossweb-img.qq.com/images/js/ArtTemplate.js]
[C:/Users/86176/Desktop/新建文件夹/AA/game.gtimg.cn/images/js/2018foot/foot.js]
[C:/Users/86176/Desktop/新建文件夹/AA/ossweb-img.qq.com/images/js/PTT/ping_tcss_tgideas_https_min.js]
[C:/Users/86176/Desktop/新建文件夹/AA/ossweb-img.qq.com/images/spiderMediaData/lol_new/mediaURLData_https.js]
[C:/Users/86176/Desktop/新建文件夹/AA/vm.gtimg.cn/tencentvideo/txp/js/txplayer.js]
[C:/Users/86176/Desktop/新建文件夹/AA/js.aq.qq.com/js/aq_common.js]
